| Test.java:1:7:1:10 | Test | Test.java:2:15:2:30 | getAverageRating |
