| com.xpn.xwiki.store.XWikiStoreInterface | Test.java:8:5:8:18 | search(...) |
