"XWiki ratings SQLi","SQL injection vulnerability in XWiki's ratings component. Disable the component or upgrade to resolve the issue.","error","Possible query injection from [[""source""|""relative:///xwiki-platform-core/xwiki-platform-ratings/xwiki-platform-ratings-api/src/main/java/org/xwiki/ratings/script/RatingsScriptService.java:365:46:365:59""]]
Possible query injection from [[""source""|""relative:///xwiki-platform-core/xwiki-platform-ratings/xwiki-platform-ratings-api/src/main/java/org/xwiki/ratings/script/RatingsScriptService.java:365:62:365:76""]]
Possible query injection from [[""source""|""relative:///xwiki-platform-core/xwiki-platform-ratings/xwiki-platform-ratings-api/src/main/java/org/xwiki/ratings/script/RatingsScriptService.java:345:46:345:59""]]
Possible query injection from [[""source""|""relative:///xwiki-platform-core/xwiki-platform-ratings/xwiki-platform-ratings-api/src/main/java/org/xwiki/ratings/script/RatingsScriptService.java:345:62:345:76""]]
Possible query injection from [[""source""|""relative:///xwiki-platform-core/xwiki-platform-ratings/xwiki-platform-ratings-api/src/main/java/org/xwiki/ratings/script/RatingsScriptService.java:345:79:345:91""]]","/xwiki-platform-core/xwiki-platform-ratings/xwiki-platform-ratings-api/src/main/java/org/xwiki/ratings/internal/AbstractRatingsManager.java","230","56","230","58"
