| Test.java:6:23:6:43 | untrustedInput |
| Test.java:8:26:8:43 | untrustedInput |
